// Jest Snapshot v1, https://goo.gl/fbAQLP

exports[`<Home /> should render Home component 1`] = `
<DocumentFragment>
  <div>
    <p
      class="appIntro"
    >
      Home page
    </p>
    <p>
      mock data
    </p>
    <button
      class="updateJoke"
      data-testid="button"
      type="button"
    >
      New joke
    </button>
  </div>
</DocumentFragment>
`;
