// Jest Snapshot v1, https://goo.gl/fbAQLP

exports[`About /> should render About component 1`] = `
<DocumentFragment>
  <div>
    <p
      class="appIntro"
    >
      About page
    </p>
  </div>
</DocumentFragment>
`;
