// Jest Snapshot v1, https://goo.gl/fbAQLP

exports[`<Button /> should render Button component 1`] = `
<DocumentFragment>
  <button
    class="mock button class"
    data-testid="button"
    type="button"
  >
    mock title
  </button>
</DocumentFragment>
`;
